Component: ARM Compiler 5.06 update 5 (build 528) Tool: armlink [4d35e2]

==============================================================================

Section Cross References

    main.o(i.main) refers to _printf_percent.o(.ARM.Collect$$_printf_percent$$00000000) for _printf_percent
    main.o(i.main) refers to _printf_c.o(.ARM.Collect$$_printf_percent$$00000013) for _printf_c
    main.o(i.main) refers to _printf_str.o(.text) for _printf_str
    main.o(i.main) refers to system_gw1ns4c.o(i.SystemInit) for SystemInit
    main.o(i.main) refers to uart.o(i.uart_init) for uart_init
    main.o(i.main) refers to noretval__2printf.o(.text) for __2printf
    main.o(i.main) refers to gw1ns4c_uart.o(i.UART_GetRxBufferFull) for UART_GetRxBufferFull
    main.o(i.main) refers to gw1ns4c_uart.o(i.UART_ReceiveChar) for UART_ReceiveChar
    gw1ns4c_uart.o(i.UART_Init) refers to system_gw1ns4c.o(.data) for PCLK1
    gw1ns4c_uart.o(i.UART_SendString) refers to gw1ns4c_uart.o(i.UART_SendChar) for UART_SendChar
    system_gw1ns4c.o(i.SystemCoreClockUpdate) refers to system_gw1ns4c.o(.data) for SystemCoreClock
    system_gw1ns4c.o(i.SystemInit) refers to system_gw1ns4c.o(.data) for SystemCoreClock
    startup_gw1ns4c.o(STACK) refers (Special) to heapauxi.o(.text) for __use_two_region_memory
    startup_gw1ns4c.o(HEAP) refers (Special) to heapauxi.o(.text) for __use_two_region_memory
    startup_gw1ns4c.o(RESET) refers (Special) to heapauxi.o(.text) for __use_two_region_memory
    startup_gw1ns4c.o(RESET) refers to startup_gw1ns4c.o(STACK) for __initial_sp
    startup_gw1ns4c.o(RESET) refers to startup_gw1ns4c.o(.text) for Reset_Handler
    startup_gw1ns4c.o(RESET) refers to gw1ns4c_it.o(i.NMI_Handler) for NMI_Handler
    startup_gw1ns4c.o(RESET) refers to gw1ns4c_it.o(i.HardFault_Handler) for HardFault_Handler
    startup_gw1ns4c.o(RESET) refers to gw1ns4c_it.o(i.MemManage_Handler) for MemManage_Handler
    startup_gw1ns4c.o(RESET) refers to gw1ns4c_it.o(i.BusFault_Handler) for BusFault_Handler
    startup_gw1ns4c.o(RESET) refers to gw1ns4c_it.o(i.UsageFault_Handler) for UsageFault_Handler
    startup_gw1ns4c.o(RESET) refers to gw1ns4c_it.o(i.SVC_Handler) for SVC_Handler
    startup_gw1ns4c.o(RESET) refers to gw1ns4c_it.o(i.DebugMon_Handler) for DebugMon_Handler
    startup_gw1ns4c.o(RESET) refers to gw1ns4c_it.o(i.PendSV_Handler) for PendSV_Handler
    startup_gw1ns4c.o(RESET) refers to gw1ns4c_it.o(i.SysTick_Handler) for SysTick_Handler
    startup_gw1ns4c.o(RESET) refers to gw1ns4c_it.o(i.UART0_Handler) for UART0_Handler
    startup_gw1ns4c.o(RESET) refers to gw1ns4c_it.o(i.USER_INT0_Handler) for USER_INT0_Handler
    startup_gw1ns4c.o(RESET) refers to gw1ns4c_it.o(i.UART1_Handler) for UART1_Handler
    startup_gw1ns4c.o(RESET) refers to gw1ns4c_it.o(i.USER_INT1_Handler) for USER_INT1_Handler
    startup_gw1ns4c.o(RESET) refers to gw1ns4c_it.o(i.USER_INT2_Handler) for USER_INT2_Handler
    startup_gw1ns4c.o(RESET) refers to gw1ns4c_it.o(i.RTC_Handler) for RTC_Handler
    startup_gw1ns4c.o(RESET) refers to gw1ns4c_it.o(i.USER_INT3_Handler) for USER_INT3_Handler
    startup_gw1ns4c.o(RESET) refers to gw1ns4c_it.o(i.TIMER0_Handler) for TIMER0_Handler
    startup_gw1ns4c.o(RESET) refers to gw1ns4c_it.o(i.TIMER1_Handler) for TIMER1_Handler
    startup_gw1ns4c.o(RESET) refers to gw1ns4c_it.o(i.USER_INT4_Handler) for USER_INT4_Handler
    startup_gw1ns4c.o(RESET) refers to gw1ns4c_it.o(i.USER_INT5_Handler) for USER_INT5_Handler
    startup_gw1ns4c.o(RESET) refers to gw1ns4c_it.o(i.PORT0_0_Handler) for PORT0_0_Handler
    startup_gw1ns4c.o(RESET) refers to gw1ns4c_it.o(i.PORT0_1_Handler) for PORT0_1_Handler
    startup_gw1ns4c.o(RESET) refers to gw1ns4c_it.o(i.PORT0_2_Handler) for PORT0_2_Handler
    startup_gw1ns4c.o(RESET) refers to gw1ns4c_it.o(i.PORT0_3_Handler) for PORT0_3_Handler
    startup_gw1ns4c.o(RESET) refers to gw1ns4c_it.o(i.PORT0_4_Handler) for PORT0_4_Handler
    startup_gw1ns4c.o(RESET) refers to gw1ns4c_it.o(i.PORT0_5_Handler) for PORT0_5_Handler
    startup_gw1ns4c.o(RESET) refers to gw1ns4c_it.o(i.PORT0_6_Handler) for PORT0_6_Handler
    startup_gw1ns4c.o(RESET) refers to gw1ns4c_it.o(i.PORT0_7_Handler) for PORT0_7_Handler
    startup_gw1ns4c.o(RESET) refers to gw1ns4c_it.o(i.PORT0_8_Handler) for PORT0_8_Handler
    startup_gw1ns4c.o(RESET) refers to gw1ns4c_it.o(i.PORT0_9_Handler) for PORT0_9_Handler
    startup_gw1ns4c.o(RESET) refers to gw1ns4c_it.o(i.PORT0_10_Handler) for PORT0_10_Handler
    startup_gw1ns4c.o(RESET) refers to gw1ns4c_it.o(i.PORT0_11_Handler) for PORT0_11_Handler
    startup_gw1ns4c.o(RESET) refers to gw1ns4c_it.o(i.PORT0_12_Handler) for PORT0_12_Handler
    startup_gw1ns4c.o(RESET) refers to gw1ns4c_it.o(i.PORT0_13_Handler) for PORT0_13_Handler
    startup_gw1ns4c.o(RESET) refers to gw1ns4c_it.o(i.PORT0_14_Handler) for PORT0_14_Handler
    startup_gw1ns4c.o(RESET) refers to gw1ns4c_it.o(i.PORT0_15_Handler) for PORT0_15_Handler
    startup_gw1ns4c.o(.text) refers (Special) to heapauxi.o(.text) for __use_two_region_memory
    startup_gw1ns4c.o(.text) refers to system_gw1ns4c.o(i.SystemInit) for SystemInit
    startup_gw1ns4c.o(.text) refers to __main.o(!!!main) for __main
    startup_gw1ns4c.o(.text) refers to startup_gw1ns4c.o(HEAP) for Heap_Mem
    startup_gw1ns4c.o(.text) refers to startup_gw1ns4c.o(STACK) for Stack_Mem
    uart.o(i.uart_init) refers to gw1ns4c_uart.o(i.UART_Init) for UART_Init
    retarget.o(i._ferror) refers (Special) to use_no_semi.o(.text) for __use_no_semihosting_swi
    retarget.o(i._sys_exit) refers (Special) to use_no_semi.o(.text) for __use_no_semihosting_swi
    retarget.o(i._ttywrch) refers (Special) to use_no_semi.o(.text) for __use_no_semihosting_swi
    retarget.o(i._ttywrch) refers to gw1ns4c_uart.o(i.UART_SendChar) for UART_SendChar
    retarget.o(i.fgetc) refers (Special) to use_no_semi.o(.text) for __use_no_semihosting_swi
    retarget.o(i.fgetc) refers to gw1ns4c_uart.o(i.UART_ReceiveChar) for UART_ReceiveChar
    retarget.o(i.fputc) refers (Special) to use_no_semi.o(.text) for __use_no_semihosting_swi
    retarget.o(i.fputc) refers to gw1ns4c_uart.o(i.UART_SendChar) for UART_SendChar
    retarget.o(.data) refers (Special) to use_no_semi.o(.text) for __use_no_semihosting_swi
    __2printf.o(.text) refers to _printf_char_file.o(.text) for _printf_char_file
    __2printf.o(.text) refers to retarget.o(.data) for __stdout
    noretval__2printf.o(.text) refers to _printf_char_file.o(.text) for _printf_char_file
    noretval__2printf.o(.text) refers to retarget.o(.data) for __stdout
    __printf.o(.text) refers to _printf_percent.o(.ARM.Collect$$_printf_percent$$00000000) for _printf_percent
    _printf_str.o(.text) refers (Special) to _printf_char.o(.text) for _printf_cs_common
    __printf_flags.o(.text) refers to _printf_percent.o(.ARM.Collect$$_printf_percent$$00000000) for _printf_percent
    __printf_flags.o(.text) refers to __printf_flags.o(.constdata) for .constdata
    __printf_ss.o(.text) refers to _printf_percent.o(.ARM.Collect$$_printf_percent$$00000000) for _printf_percent
    __printf_flags_ss.o(.text) refers to _printf_percent.o(.ARM.Collect$$_printf_percent$$00000000) for _printf_percent
    __printf_flags_ss.o(.text) refers to __printf_flags_ss.o(.constdata) for .constdata
    __printf_wp.o(.text) refers to __printf_wp.o(i._is_digit) for _is_digit
    __printf_wp.o(.text) refers to _printf_percent.o(.ARM.Collect$$_printf_percent$$00000000) for _printf_percent
    __printf_flags_wp.o(.text) refers to __printf_wp.o(i._is_digit) for _is_digit
    __printf_flags_wp.o(.text) refers to _printf_percent.o(.ARM.Collect$$_printf_percent$$00000000) for _printf_percent
    __printf_flags_wp.o(.text) refers to __printf_flags_wp.o(.constdata) for .constdata
    __printf_ss_wp.o(.text) refers to __printf_wp.o(i._is_digit) for _is_digit
    __printf_ss_wp.o(.text) refers to _printf_percent.o(.ARM.Collect$$_printf_percent$$00000000) for _printf_percent
    __printf_flags_ss_wp.o(.text) refers to __printf_wp.o(i._is_digit) for _is_digit
    __printf_flags_ss_wp.o(.text) refers to _printf_percent.o(.ARM.Collect$$_printf_percent$$00000000) for _printf_percent
    __printf_flags_ss_wp.o(.text) refers to __printf_flags_ss_wp.o(.constdata) for .constdata
    _printf_c.o(.ARM.Collect$$_printf_percent$$00000013) refers (Weak) to _printf_char.o(.text) for _printf_char
    _printf_percent.o(.ARM.Collect$$_printf_percent$$00000000) refers (Special) to _printf_percent_end.o(.ARM.Collect$$_printf_percent$$00000017) for _printf_percent_end
    __main.o(!!!main) refers to __rtentry.o(.ARM.Collect$$rtentry$$00000000) for __rt_entry
    __rtentry.o(.ARM.Collect$$rtentry$$00000000) refers (Special) to __rtentry2.o(.ARM.Collect$$rtentry$$0000000A) for __rt_entry_li
    __rtentry.o(.ARM.Collect$$rtentry$$00000000) refers (Special) to __rtentry2.o(.ARM.Collect$$rtentry$$0000000D) for __rt_entry_main
    __rtentry.o(.ARM.Collect$$rtentry$$00000000) refers (Special) to __rtentry2.o(.ARM.Collect$$rtentry$$0000000C) for __rt_entry_postli_1
    __rtentry.o(.ARM.Collect$$rtentry$$00000000) refers (Special) to __rtentry2.o(.ARM.Collect$$rtentry$$00000009) for __rt_entry_postsh_1
    __rtentry.o(.ARM.Collect$$rtentry$$00000000) refers (Special) to __rtentry2.o(.ARM.Collect$$rtentry$$00000002) for __rt_entry_presh_1
    __rtentry.o(.ARM.Collect$$rtentry$$00000000) refers (Special) to __rtentry4.o(.ARM.Collect$$rtentry$$00000004) for __rt_entry_sh
    _printf_char.o(.text) refers (Weak) to _printf_str.o(.text) for _printf_str
    _printf_char_file.o(.text) refers to _printf_char_common.o(.text) for _printf_char_common
    _printf_char_file.o(.text) refers to ferror.o(.text) for ferror
    _printf_char_file.o(.text) refers to retarget.o(i.fputc) for fputc
    __rtentry2.o(.ARM.Collect$$rtentry$$00000008) refers to boardinit2.o(.text) for _platform_post_stackheap_init
    __rtentry2.o(.ARM.Collect$$rtentry$$0000000A) refers to libinit.o(.ARM.Collect$$libinit$$00000000) for __rt_lib_init
    __rtentry2.o(.ARM.Collect$$rtentry$$0000000B) refers to boardinit3.o(.text) for _platform_post_lib_init
    __rtentry2.o(.ARM.Collect$$rtentry$$0000000D) refers to main.o(i.main) for main
    __rtentry2.o(.ARM.Collect$$rtentry$$0000000D) refers to exit.o(.text) for exit
    __rtentry2.o(.ARM.exidx) refers to __rtentry2.o(.ARM.Collect$$rtentry$$00000001) for .ARM.Collect$$rtentry$$00000001
    __rtentry2.o(.ARM.exidx) refers to __rtentry2.o(.ARM.Collect$$rtentry$$00000008) for .ARM.Collect$$rtentry$$00000008
    __rtentry2.o(.ARM.exidx) refers to __rtentry2.o(.ARM.Collect$$rtentry$$0000000A) for .ARM.Collect$$rtentry$$0000000A
    __rtentry2.o(.ARM.exidx) refers to __rtentry2.o(.ARM.Collect$$rtentry$$0000000B) for .ARM.Collect$$rtentry$$0000000B
    __rtentry2.o(.ARM.exidx) refers to __rtentry2.o(.ARM.Collect$$rtentry$$0000000D) for .ARM.Collect$$rtentry$$0000000D
    __rtentry4.o(.ARM.Collect$$rtentry$$00000004) refers to sys_stackheap_outer.o(.text) for __user_setup_stackheap
    __rtentry4.o(.ARM.exidx) refers to __rtentry4.o(.ARM.Collect$$rtentry$$00000004) for .ARM.Collect$$rtentry$$00000004
    _printf_char_common.o(.text) refers to __printf.o(.text) for __printf
    sys_stackheap_outer.o(.text) refers to libspace.o(.text) for __user_perproc_libspace
    sys_stackheap_outer.o(.text) refers to startup_gw1ns4c.o(.text) for __user_initial_stackheap
    exit.o(.text) refers to rtexit.o(.ARM.Collect$$rtexit$$00000000) for __rt_exit
    libinit.o(.ARM.Collect$$libinit$$00000000) refers (Special) to libinit2.o(.ARM.Collect$$libinit$$0000002E) for __rt_lib_init_alloca_1
    libinit.o(.ARM.Collect$$libinit$$00000000) refers (Special) to libinit2.o(.ARM.Collect$$libinit$$0000002C) for __rt_lib_init_argv_1
    libinit.o(.ARM.Collect$$libinit$$00000000) refers (Special) to libinit2.o(.ARM.Collect$$libinit$$0000001B) for __rt_lib_init_atexit_1
    libinit.o(.ARM.Collect$$libinit$$00000000) refers (Special) to libinit2.o(.ARM.Collect$$libinit$$00000021) for __rt_lib_init_clock_1
    libinit.o(.ARM.Collect$$libinit$$00000000) refers (Special) to libinit2.o(.ARM.Collect$$libinit$$00000032) for __rt_lib_init_cpp_1
    libinit.o(.ARM.Collect$$libinit$$00000000) refers (Special) to libinit2.o(.ARM.Collect$$libinit$$00000030) for __rt_lib_init_exceptions_1
    libinit.o(.ARM.Collect$$libinit$$00000000) refers (Special) to libinit2.o(.ARM.Collect$$libinit$$00000002) for __rt_lib_init_fp_1
    libinit.o(.ARM.Collect$$libinit$$00000000) refers (Special) to libinit2.o(.ARM.Collect$$libinit$$0000001F) for __rt_lib_init_fp_trap_1
    libinit.o(.ARM.Collect$$libinit$$00000000) refers (Special) to libinit2.o(.ARM.Collect$$libinit$$00000023) for __rt_lib_init_getenv_1
    libinit.o(.ARM.Collect$$libinit$$00000000) refers (Special) to libinit2.o(.ARM.Collect$$libinit$$0000000A) for __rt_lib_init_heap_1
    libinit.o(.ARM.Collect$$libinit$$00000000) refers (Special) to libinit2.o(.ARM.Collect$$libinit$$00000011) for __rt_lib_init_lc_collate_1
    libinit.o(.ARM.Collect$$libinit$$00000000) refers (Special) to libinit2.o(.ARM.Collect$$libinit$$00000013) for __rt_lib_init_lc_ctype_1
    libinit.o(.ARM.Collect$$libinit$$00000000) refers (Special) to libinit2.o(.ARM.Collect$$libinit$$00000015) for __rt_lib_init_lc_monetary_1
    libinit.o(.ARM.Collect$$libinit$$00000000) refers (Special) to libinit2.o(.ARM.Collect$$libinit$$00000017) for __rt_lib_init_lc_numeric_1
    libinit.o(.ARM.Collect$$libinit$$00000000) refers (Special) to libinit2.o(.ARM.Collect$$libinit$$00000019) for __rt_lib_init_lc_time_1
    libinit.o(.ARM.Collect$$libinit$$00000000) refers (Special) to libinit2.o(.ARM.Collect$$libinit$$00000004) for __rt_lib_init_preinit_1
    libinit.o(.ARM.Collect$$libinit$$00000000) refers (Special) to libinit2.o(.ARM.Collect$$libinit$$0000000E) for __rt_lib_init_rand_1
    libinit.o(.ARM.Collect$$libinit$$00000000) refers (Special) to libinit2.o(.ARM.Collect$$libinit$$00000033) for __rt_lib_init_return
    libinit.o(.ARM.Collect$$libinit$$00000000) refers (Special) to libinit2.o(.ARM.Collect$$libinit$$0000001D) for __rt_lib_init_signal_1
    libinit.o(.ARM.Collect$$libinit$$00000000) refers (Special) to libinit2.o(.ARM.Collect$$libinit$$00000025) for __rt_lib_init_stdio_1
    libinit.o(.ARM.Collect$$libinit$$00000000) refers (Special) to libinit2.o(.ARM.Collect$$libinit$$0000000C) for __rt_lib_init_user_alloc_1
    libspace.o(.text) refers to libspace.o(.bss) for __libspace_start
    rtexit.o(.ARM.Collect$$rtexit$$00000000) refers (Special) to rtexit2.o(.ARM.Collect$$rtexit$$00000004) for __rt_exit_exit
    rtexit.o(.ARM.Collect$$rtexit$$00000000) refers (Special) to rtexit2.o(.ARM.Collect$$rtexit$$00000003) for __rt_exit_ls
    rtexit.o(.ARM.Collect$$rtexit$$00000000) refers (Special) to rtexit2.o(.ARM.Collect$$rtexit$$00000002) for __rt_exit_prels_1
    rtexit.o(.ARM.exidx) refers (Special) to rtexit2.o(.ARM.Collect$$rtexit$$00000004) for __rt_exit_exit
    rtexit.o(.ARM.exidx) refers (Special) to rtexit2.o(.ARM.Collect$$rtexit$$00000003) for __rt_exit_ls
    rtexit.o(.ARM.exidx) refers (Special) to rtexit2.o(.ARM.Collect$$rtexit$$00000002) for __rt_exit_prels_1
    rtexit.o(.ARM.exidx) refers to rtexit.o(.ARM.Collect$$rtexit$$00000000) for .ARM.Collect$$rtexit$$00000000
    libinit2.o(.ARM.Collect$$libinit$$00000010) refers to libinit2.o(.ARM.Collect$$libinit$$0000000F) for .ARM.Collect$$libinit$$0000000F
    libinit2.o(.ARM.Collect$$libinit$$00000012) refers to libinit2.o(.ARM.Collect$$libinit$$0000000F) for .ARM.Collect$$libinit$$0000000F
    libinit2.o(.ARM.Collect$$libinit$$00000014) refers to libinit2.o(.ARM.Collect$$libinit$$0000000F) for .ARM.Collect$$libinit$$0000000F
    libinit2.o(.ARM.Collect$$libinit$$00000016) refers to libinit2.o(.ARM.Collect$$libinit$$0000000F) for .ARM.Collect$$libinit$$0000000F
    libinit2.o(.ARM.Collect$$libinit$$00000018) refers to libinit2.o(.ARM.Collect$$libinit$$0000000F) for .ARM.Collect$$libinit$$0000000F
    libinit2.o(.ARM.Collect$$libinit$$00000026) refers to argv_veneer.o(.emb_text) for __ARM_argv_veneer
    libinit2.o(.ARM.Collect$$libinit$$00000027) refers to argv_veneer.o(.emb_text) for __ARM_argv_veneer
    rtexit2.o(.ARM.Collect$$rtexit$$00000003) refers to libshutdown.o(.ARM.Collect$$libshutdown$$00000000) for __rt_lib_shutdown
    rtexit2.o(.ARM.Collect$$rtexit$$00000004) refers to retarget.o(i._sys_exit) for _sys_exit
    rtexit2.o(.ARM.exidx) refers to rtexit2.o(.ARM.Collect$$rtexit$$00000001) for .ARM.Collect$$rtexit$$00000001
    rtexit2.o(.ARM.exidx) refers to rtexit2.o(.ARM.Collect$$rtexit$$00000003) for .ARM.Collect$$rtexit$$00000003
    rtexit2.o(.ARM.exidx) refers to rtexit2.o(.ARM.Collect$$rtexit$$00000004) for .ARM.Collect$$rtexit$$00000004
    argv_veneer.o(.emb_text) refers to no_argv.o(.text) for __ARM_get_argv
    _get_argv_nomalloc.o(.text) refers (Special) to hrguard.o(.text) for __heap_region$guard
    _get_argv_nomalloc.o(.text) refers to defsig_rtmem_outer.o(.text) for __rt_SIGRTMEM
    _get_argv_nomalloc.o(.text) refers to sys_command.o(.text) for _sys_command_string
    libshutdown.o(.ARM.Collect$$libshutdown$$00000000) refers (Special) to libshutdown2.o(.ARM.Collect$$libshutdown$$00000002) for __rt_lib_shutdown_cpp_1
    libshutdown.o(.ARM.Collect$$libshutdown$$00000000) refers (Special) to libshutdown2.o(.ARM.Collect$$libshutdown$$00000007) for __rt_lib_shutdown_fp_trap_1
    libshutdown.o(.ARM.Collect$$libshutdown$$00000000) refers (Special) to libshutdown2.o(.ARM.Collect$$libshutdown$$0000000F) for __rt_lib_shutdown_heap_1
    libshutdown.o(.ARM.Collect$$libshutdown$$00000000) refers (Special) to libshutdown2.o(.ARM.Collect$$libshutdown$$00000010) for __rt_lib_shutdown_return
    libshutdown.o(.ARM.Collect$$libshutdown$$00000000) refers (Special) to libshutdown2.o(.ARM.Collect$$libshutdown$$0000000A) for __rt_lib_shutdown_signal_1
    libshutdown.o(.ARM.Collect$$libshutdown$$00000000) refers (Special) to libshutdown2.o(.ARM.Collect$$libshutdown$$00000004) for __rt_lib_shutdown_stdio_1
    libshutdown.o(.ARM.Collect$$libshutdown$$00000000) refers (Special) to libshutdown2.o(.ARM.Collect$$libshutdown$$0000000C) for __rt_lib_shutdown_user_alloc_1
    sys_command.o(.text) refers (Special) to use_no_semi.o(.text) for __I$use$semihosting
    sys_command.o(.text) refers (Special) to indicate_semi.o(.text) for __semihosting_library_function
    defsig_rtmem_outer.o(.text) refers to defsig_rtmem_inner.o(.text) for __rt_SIGRTMEM_inner
    defsig_rtmem_outer.o(.text) refers to defsig_exit.o(.text) for __sig_exit
    defsig_rtmem_formal.o(.text) refers to rt_raise.o(.text) for __rt_raise
    rt_raise.o(.text) refers to __raise.o(.text) for __raise
    rt_raise.o(.text) refers to retarget.o(i._sys_exit) for _sys_exit
    defsig_exit.o(.text) refers to retarget.o(i._sys_exit) for _sys_exit
    defsig_rtmem_inner.o(.text) refers to defsig_general.o(.text) for __default_signal_display
    __raise.o(.text) refers to defsig.o(CL$$defsig) for __default_signal_handler
    defsig_general.o(.text) refers to retarget.o(i._ttywrch) for _ttywrch
    defsig.o(CL$$defsig) refers to defsig_rtmem_inner.o(.text) for __rt_SIGRTMEM_inner
    defsig_abrt_inner.o(.text) refers to defsig_general.o(.text) for __default_signal_display
    defsig_fpe_inner.o(.text) refers to defsig_general.o(.text) for __default_signal_display
    defsig_rtred_inner.o(.text) refers to defsig_general.o(.text) for __default_signal_display
    defsig_stak_inner.o(.text) refers to defsig_general.o(.text) for __default_signal_display
    defsig_pvfn_inner.o(.text) refers to defsig_general.o(.text) for __default_signal_display
    defsig_cppl_inner.o(.text) refers to defsig_general.o(.text) for __default_signal_display
    defsig_segv_inner.o(.text) refers to defsig_general.o(.text) for __default_signal_display
    defsig_other.o(.text) refers to defsig_general.o(.text) for __default_signal_display


==============================================================================

Removing Unused input sections from the image.

    Removing gw1ns4c_uart.o(i.UART_ClearRxBufferOverrunStatus), (6 bytes).
    Removing gw1ns4c_uart.o(i.UART_ClearRxIRQ), (6 bytes).
    Removing gw1ns4c_uart.o(i.UART_ClearRxOverrunIRQ), (6 bytes).
    Removing gw1ns4c_uart.o(i.UART_ClearTxBufferOverrunStatus), (6 bytes).
    Removing gw1ns4c_uart.o(i.UART_ClearTxIRQ), (6 bytes).
    Removing gw1ns4c_uart.o(i.UART_ClearTxOverrunIRQ), (6 bytes).
    Removing gw1ns4c_uart.o(i.UART_ClrHSTM), (10 bytes).
    Removing gw1ns4c_uart.o(i.UART_GetBaudDivider), (6 bytes).
    Removing gw1ns4c_uart.o(i.UART_GetRxBufferOverrunStatus), (10 bytes).
    Removing gw1ns4c_uart.o(i.UART_GetRxIRQStatus), (10 bytes).
    Removing gw1ns4c_uart.o(i.UART_GetRxOverrunIRQStatus), (10 bytes).
    Removing gw1ns4c_uart.o(i.UART_GetTxBufferFull), (10 bytes).
    Removing gw1ns4c_uart.o(i.UART_GetTxBufferOverrunStatus), (10 bytes).
    Removing gw1ns4c_uart.o(i.UART_GetTxIRQStatus), (10 bytes).
    Removing gw1ns4c_uart.o(i.UART_GetTxOverrunIRQStatus), (10 bytes).
    Removing gw1ns4c_uart.o(i.UART_SendString), (28 bytes).
    Removing gw1ns4c_uart.o(i.UART_SetHSTM), (10 bytes).
    Removing core_cm3.o(.emb_text), (32 bytes).
    Removing system_gw1ns4c.o(i.SystemCoreClockUpdate), (52 bytes).
    Removing retarget.o(i._ferror), (8 bytes).
    Removing retarget.o(i._ttywrch), (32 bytes).
    Removing retarget.o(i.fgetc), (30 bytes).

22 unused section(s) (total 314 bytes) removed from the image.

==============================================================================

Image Symbol Table

    Local Symbols

    Symbol Name                              Value     Ov Type        Size  Object(Section)

    RESET                                    0x00000000   Section      192  startup_gw1ns4c.o(RESET)
    ../clib/angel/boardlib.s                 0x00000000   Number         0  boardinit1.o ABSOLUTE
    ../clib/angel/boardlib.s                 0x00000000   Number         0  boardinit2.o ABSOLUTE
    ../clib/angel/boardlib.s                 0x00000000   Number         0  boardinit3.o ABSOLUTE
    ../clib/angel/boardlib.s                 0x00000000   Number         0  boardshut.o ABSOLUTE
    ../clib/angel/handlers.s                 0x00000000   Number         0  __scatter_zi.o ABSOLUTE
    ../clib/angel/handlers.s                 0x00000000   Number         0  __scatter_copy.o ABSOLUTE
    ../clib/angel/kernel.s                   0x00000000   Number         0  rtexit.o ABSOLUTE
    ../clib/angel/kernel.s                   0x00000000   Number         0  rtexit2.o ABSOLUTE
    ../clib/angel/kernel.s                   0x00000000   Number         0  __rtentry2.o ABSOLUTE
    ../clib/angel/kernel.s                   0x00000000   Number         0  __rtentry.o ABSOLUTE
    ../clib/angel/kernel.s                   0x00000000   Number         0  __rtentry4.o ABSOLUTE
    ../clib/angel/rt.s                       0x00000000   Number         0  rt_raise.o ABSOLUTE
    ../clib/angel/scatter.s                  0x00000000   Number         0  __scatter.o ABSOLUTE
    ../clib/angel/startup.s                  0x00000000   Number         0  __main.o ABSOLUTE
    ../clib/angel/sys.s                      0x00000000   Number         0  use_no_semi.o ABSOLUTE
    ../clib/angel/sys.s                      0x00000000   Number         0  libspace.o ABSOLUTE
    ../clib/angel/sys.s                      0x00000000   Number         0  indicate_semi.o ABSOLUTE
    ../clib/angel/sys.s                      0x00000000   Number         0  sys_stackheap_outer.o ABSOLUTE
    ../clib/angel/sysapp.c                   0x00000000   Number         0  sys_command.o ABSOLUTE
    ../clib/armsys.c                         0x00000000   Number         0  no_argv.o ABSOLUTE
    ../clib/armsys.c                         0x00000000   Number         0  _get_argv_nomalloc.o ABSOLUTE
    ../clib/armsys.c                         0x00000000   Number         0  argv_veneer.o ABSOLUTE
    ../clib/armsys.c                         0x00000000   Number         0  argv_veneer.o ABSOLUTE
    ../clib/heapalloc.c                      0x00000000   Number         0  hrguard.o ABSOLUTE
    ../clib/heapaux.c                        0x00000000   Number         0  heapauxi.o ABSOLUTE
    ../clib/libinit.s                        0x00000000   Number         0  libshutdown.o ABSOLUTE
    ../clib/libinit.s                        0x00000000   Number         0  libinit.o ABSOLUTE
    ../clib/libinit.s                        0x00000000   Number         0  libshutdown2.o ABSOLUTE
    ../clib/libinit.s                        0x00000000   Number         0  libinit2.o ABSOLUTE
    ../clib/printf.c                         0x00000000   Number         0  __printf_wp.o ABSOLUTE
    ../clib/printf.c                         0x00000000   Number         0  __printf_flags_ss.o ABSOLUTE
    ../clib/printf.c                         0x00000000   Number         0  __printf_ss.o ABSOLUTE
    ../clib/printf.c                         0x00000000   Number         0  __printf_flags_wp.o ABSOLUTE
    ../clib/printf.c                         0x00000000   Number         0  __printf_ss_wp.o ABSOLUTE
    ../clib/printf.c                         0x00000000   Number         0  _printf_str.o ABSOLUTE
    ../clib/printf.c                         0x00000000   Number         0  __printf.o ABSOLUTE
    ../clib/printf.c                         0x00000000   Number         0  __printf_nopercent.o ABSOLUTE
    ../clib/printf.c                         0x00000000   Number         0  noretval__2printf.o ABSOLUTE
    ../clib/printf.c                         0x00000000   Number         0  __printf_flags.o ABSOLUTE
    ../clib/printf.c                         0x00000000   Number         0  _printf_char_common.o ABSOLUTE
    ../clib/printf.c                         0x00000000   Number         0  _printf_char_file.o ABSOLUTE
    ../clib/printf.c                         0x00000000   Number         0  __printf_flags_ss_wp.o ABSOLUTE
    ../clib/printf.c                         0x00000000   Number         0  __2printf.o ABSOLUTE
    ../clib/printf.c                         0x00000000   Number         0  _printf_char.o ABSOLUTE
    ../clib/printf_percent.s                 0x00000000   Number         0  _printf_percent_end.o ABSOLUTE
    ../clib/printf_percent.s                 0x00000000   Number         0  _printf_c.o ABSOLUTE
    ../clib/printf_percent.s                 0x00000000   Number         0  _printf_percent.o ABSOLUTE
    ../clib/signal.c                         0x00000000   Number         0  defsig_rtmem_inner.o ABSOLUTE
    ../clib/signal.c                         0x00000000   Number         0  defsig_rtmem_formal.o ABSOLUTE
    ../clib/signal.c                         0x00000000   Number         0  defsig_rtmem_outer.o ABSOLUTE
    ../clib/signal.c                         0x00000000   Number         0  defsig_exit.o ABSOLUTE
    ../clib/signal.c                         0x00000000   Number         0  defsig_segv_inner.o ABSOLUTE
    ../clib/signal.c                         0x00000000   Number         0  defsig_cppl_inner.o ABSOLUTE
    ../clib/signal.c                         0x00000000   Number         0  defsig_pvfn_inner.o ABSOLUTE
    ../clib/signal.c                         0x00000000   Number         0  defsig_stak_inner.o ABSOLUTE
    ../clib/signal.c                         0x00000000   Number         0  defsig_rtred_inner.o ABSOLUTE
    ../clib/signal.c                         0x00000000   Number         0  defsig_fpe_inner.o ABSOLUTE
    ../clib/signal.c                         0x00000000   Number         0  defsig_abrt_inner.o ABSOLUTE
    ../clib/signal.c                         0x00000000   Number         0  defsig_other.o ABSOLUTE
    ../clib/signal.c                         0x00000000   Number         0  defsig_general.o ABSOLUTE
    ../clib/signal.c                         0x00000000   Number         0  __raise.o ABSOLUTE
    ../clib/signal.s                         0x00000000   Number         0  defsig.o ABSOLUTE
    ../clib/stdio.c                          0x00000000   Number         0  ferror.o ABSOLUTE
    ../clib/stdio.c                          0x00000000   Number         0  ferror_locked.o ABSOLUTE
    ../clib/stdlib.c                         0x00000000   Number         0  exit.o ABSOLUTE
    ../fplib/fpinit.s                        0x00000000   Number         0  fpinit.o ABSOLUTE
    ..\\src\\core_cm3.c                      0x00000000   Number         0  core_cm3.o ABSOLUTE
    ..\src\core_cm3.c                        0x00000000   Number         0  core_cm3.o ABSOLUTE
    ..\src\gw1ns4c_it.c                      0x00000000   Number         0  gw1ns4c_it.o ABSOLUTE
    ..\src\gw1ns4c_uart.c                    0x00000000   Number         0  gw1ns4c_uart.o ABSOLUTE
    ..\src\main.c                            0x00000000   Number         0  main.o ABSOLUTE
    ..\src\retarget.c                        0x00000000   Number         0  retarget.o ABSOLUTE
    ..\src\startup_gw1ns4c.s                 0x00000000   Number         0  startup_gw1ns4c.o ABSOLUTE
    ..\src\system_gw1ns4c.c                  0x00000000   Number         0  system_gw1ns4c.o ABSOLUTE
    ..\src\uart.c                            0x00000000   Number         0  uart.o ABSOLUTE
    dc.s                                     0x00000000   Number         0  dc.o ABSOLUTE
    !!!main                                  0x000000c0   Section        8  __main.o(!!!main)
    !!!scatter                               0x000000c8   Section       52  __scatter.o(!!!scatter)
    !!handler_copy                           0x000000fc   Section       26  __scatter_copy.o(!!handler_copy)
    !!handler_zi                             0x00000118   Section       28  __scatter_zi.o(!!handler_zi)
    .ARM.Collect$$_printf_percent$$00000000  0x00000134   Section        0  _printf_percent.o(.ARM.Collect$$_printf_percent$$00000000)
    .ARM.Collect$$_printf_percent$$00000013  0x00000134   Section        6  _printf_c.o(.ARM.Collect$$_printf_percent$$00000013)
    .ARM.Collect$$_printf_percent$$00000017  0x0000013a   Section        4  _printf_percent_end.o(.ARM.Collect$$_printf_percent$$00000017)
    .ARM.Collect$$libinit$$00000000          0x0000013e   Section        2  libinit.o(.ARM.Collect$$libinit$$00000000)
    .ARM.Collect$$libinit$$00000002          0x00000140   Section        0  libinit2.o(.ARM.Collect$$libinit$$00000002)
    .ARM.Collect$$libinit$$00000004          0x00000140   Section        0  libinit2.o(.ARM.Collect$$libinit$$00000004)
    .ARM.Collect$$libinit$$0000000A          0x00000140   Section        0  libinit2.o(.ARM.Collect$$libinit$$0000000A)
    .ARM.Collect$$libinit$$0000000C          0x00000140   Section        0  libinit2.o(.ARM.Collect$$libinit$$0000000C)
    .ARM.Collect$$libinit$$0000000E          0x00000140   Section        0  libinit2.o(.ARM.Collect$$libinit$$0000000E)
    .ARM.Collect$$libinit$$00000011          0x00000140   Section        0  libinit2.o(.ARM.Collect$$libinit$$00000011)
    .ARM.Collect$$libinit$$00000013          0x00000140   Section        0  libinit2.o(.ARM.Collect$$libinit$$00000013)
    .ARM.Collect$$libinit$$00000015          0x00000140   Section        0  libinit2.o(.ARM.Collect$$libinit$$00000015)
    .ARM.Collect$$libinit$$00000017          0x00000140   Section        0  libinit2.o(.ARM.Collect$$libinit$$00000017)
    .ARM.Collect$$libinit$$00000019          0x00000140   Section        0  libinit2.o(.ARM.Collect$$libinit$$00000019)
    .ARM.Collect$$libinit$$0000001B          0x00000140   Section        0  libinit2.o(.ARM.Collect$$libinit$$0000001B)
    .ARM.Collect$$libinit$$0000001D          0x00000140   Section        0  libinit2.o(.ARM.Collect$$libinit$$0000001D)
    .ARM.Collect$$libinit$$0000001F          0x00000140   Section        0  libinit2.o(.ARM.Collect$$libinit$$0000001F)
    .ARM.Collect$$libinit$$00000021          0x00000140   Section        0  libinit2.o(.ARM.Collect$$libinit$$00000021)
    .ARM.Collect$$libinit$$00000023          0x00000140   Section        0  libinit2.o(.ARM.Collect$$libinit$$00000023)
    .ARM.Collect$$libinit$$00000025          0x00000140   Section        0  libinit2.o(.ARM.Collect$$libinit$$00000025)
    .ARM.Collect$$libinit$$0000002C          0x00000140   Section        0  libinit2.o(.ARM.Collect$$libinit$$0000002C)
    .ARM.Collect$$libinit$$0000002E          0x00000140   Section        0  libinit2.o(.ARM.Collect$$libinit$$0000002E)
    .ARM.Collect$$libinit$$00000030          0x00000140   Section        0  libinit2.o(.ARM.Collect$$libinit$$00000030)
    .ARM.Collect$$libinit$$00000032          0x00000140   Section        0  libinit2.o(.ARM.Collect$$libinit$$00000032)
    .ARM.Collect$$libinit$$00000033          0x00000140   Section        2  libinit2.o(.ARM.Collect$$libinit$$00000033)
    .ARM.Collect$$libshutdown$$00000000      0x00000142   Section        2  libshutdown.o(.ARM.Collect$$libshutdown$$00000000)
    .ARM.Collect$$libshutdown$$00000002      0x00000144   Section        0  libshutdown2.o(.ARM.Collect$$libshutdown$$00000002)
    .ARM.Collect$$libshutdown$$00000004      0x00000144   Section        0  libshutdown2.o(.ARM.Collect$$libshutdown$$00000004)
    .ARM.Collect$$libshutdown$$00000007      0x00000144   Section        0  libshutdown2.o(.ARM.Collect$$libshutdown$$00000007)
    .ARM.Collect$$libshutdown$$0000000A      0x00000144   Section        0  libshutdown2.o(.ARM.Collect$$libshutdown$$0000000A)
    .ARM.Collect$$libshutdown$$0000000C      0x00000144   Section        0  libshutdown2.o(.ARM.Collect$$libshutdown$$0000000C)
    .ARM.Collect$$libshutdown$$0000000F      0x00000144   Section        0  libshutdown2.o(.ARM.Collect$$libshutdown$$0000000F)
    .ARM.Collect$$libshutdown$$00000010      0x00000144   Section        2  libshutdown2.o(.ARM.Collect$$libshutdown$$00000010)
    .ARM.Collect$$rtentry$$00000000          0x00000146   Section        0  __rtentry.o(.ARM.Collect$$rtentry$$00000000)
    .ARM.Collect$$rtentry$$00000002          0x00000146   Section        0  __rtentry2.o(.ARM.Collect$$rtentry$$00000002)
    .ARM.Collect$$rtentry$$00000004          0x00000146   Section        6  __rtentry4.o(.ARM.Collect$$rtentry$$00000004)
    .ARM.Collect$$rtentry$$00000009          0x0000014c   Section        0  __rtentry2.o(.ARM.Collect$$rtentry$$00000009)
    .ARM.Collect$$rtentry$$0000000A          0x0000014c   Section        4  __rtentry2.o(.ARM.Collect$$rtentry$$0000000A)
    .ARM.Collect$$rtentry$$0000000C          0x00000150   Section        0  __rtentry2.o(.ARM.Collect$$rtentry$$0000000C)
    .ARM.Collect$$rtentry$$0000000D          0x00000150   Section        8  __rtentry2.o(.ARM.Collect$$rtentry$$0000000D)
    .ARM.Collect$$rtexit$$00000000           0x00000158   Section        2  rtexit.o(.ARM.Collect$$rtexit$$00000000)
    .ARM.Collect$$rtexit$$00000002           0x0000015a   Section        0  rtexit2.o(.ARM.Collect$$rtexit$$00000002)
    .ARM.Collect$$rtexit$$00000003           0x0000015a   Section        4  rtexit2.o(.ARM.Collect$$rtexit$$00000003)
    .ARM.Collect$$rtexit$$00000004           0x0000015e   Section        6  rtexit2.o(.ARM.Collect$$rtexit$$00000004)
    .text                                    0x00000164   Section       64  startup_gw1ns4c.o(.text)
    .text                                    0x000001a4   Section        2  use_no_semi.o(.text)
    .text                                    0x000001a8   Section        0  noretval__2printf.o(.text)
    .text                                    0x000001c0   Section        0  __printf.o(.text)
    .text                                    0x00000228   Section        0  _printf_str.o(.text)
    .text                                    0x0000027a   Section        0  heapauxi.o(.text)
    .text                                    0x00000280   Section        0  _printf_char.o(.text)
    .text                                    0x000002ac   Section        0  _printf_char_file.o(.text)
    .text                                    0x000002d0   Section        0  _printf_char_common.o(.text)
    _printf_input_char                       0x000002d1   Thumb Code    10  _printf_char_common.o(.text)
    .text                                    0x00000300   Section        0  ferror.o(.text)
    .text                                    0x00000308   Section       74  sys_stackheap_outer.o(.text)
    .text                                    0x00000352   Section        0  exit.o(.text)
    .text                                    0x00000364   Section        8  libspace.o(.text)
    i.BusFault_Handler                       0x0000036c   Section        0  gw1ns4c_it.o(i.BusFault_Handler)
    i.DebugMon_Handler                       0x00000370   Section        0  gw1ns4c_it.o(i.DebugMon_Handler)
    i.HardFault_Handler                      0x00000372   Section        0  gw1ns4c_it.o(i.HardFault_Handler)
    i.MemManage_Handler                      0x00000376   Section        0  gw1ns4c_it.o(i.MemManage_Handler)
    i.NMI_Handler                            0x0000037a   Section        0  gw1ns4c_it.o(i.NMI_Handler)
    i.PORT0_0_Handler                        0x0000037c   Section        0  gw1ns4c_it.o(i.PORT0_0_Handler)
    i.PORT0_10_Handler                       0x0000037e   Section        0  gw1ns4c_it.o(i.PORT0_10_Handler)
    i.PORT0_11_Handler                       0x00000380   Section        0  gw1ns4c_it.o(i.PORT0_11_Handler)
    i.PORT0_12_Handler                       0x00000382   Section        0  gw1ns4c_it.o(i.PORT0_12_Handler)
    i.PORT0_13_Handler                       0x00000384   Section        0  gw1ns4c_it.o(i.PORT0_13_Handler)
    i.PORT0_14_Handler                       0x00000386   Section        0  gw1ns4c_it.o(i.PORT0_14_Handler)
    i.PORT0_15_Handler                       0x00000388   Section        0  gw1ns4c_it.o(i.PORT0_15_Handler)
    i.PORT0_1_Handler                        0x0000038a   Section        0  gw1ns4c_it.o(i.PORT0_1_Handler)
    i.PORT0_2_Handler                        0x0000038c   Section        0  gw1ns4c_it.o(i.PORT0_2_Handler)
    i.PORT0_3_Handler                        0x0000038e   Section        0  gw1ns4c_it.o(i.PORT0_3_Handler)
    i.PORT0_4_Handler                        0x00000390   Section        0  gw1ns4c_it.o(i.PORT0_4_Handler)
    i.PORT0_5_Handler                        0x00000392   Section        0  gw1ns4c_it.o(i.PORT0_5_Handler)
    i.PORT0_6_Handler                        0x00000394   Section        0  gw1ns4c_it.o(i.PORT0_6_Handler)
    i.PORT0_7_Handler                        0x00000396   Section        0  gw1ns4c_it.o(i.PORT0_7_Handler)
    i.PORT0_8_Handler                        0x00000398   Section        0  gw1ns4c_it.o(i.PORT0_8_Handler)
    i.PORT0_9_Handler                        0x0000039a   Section        0  gw1ns4c_it.o(i.PORT0_9_Handler)
    i.PendSV_Handler                         0x0000039c   Section        0  gw1ns4c_it.o(i.PendSV_Handler)
    i.RTC_Handler                            0x0000039e   Section        0  gw1ns4c_it.o(i.RTC_Handler)
    i.SVC_Handler                            0x000003a0   Section        0  gw1ns4c_it.o(i.SVC_Handler)
    i.SysTick_Handler                        0x000003a2   Section        0  gw1ns4c_it.o(i.SysTick_Handler)
    i.SystemInit                             0x000003a4   Section        0  system_gw1ns4c.o(i.SystemInit)
    i.TIMER0_Handler                         0x000003d8   Section        0  gw1ns4c_it.o(i.TIMER0_Handler)
    i.TIMER1_Handler                         0x000003da   Section        0  gw1ns4c_it.o(i.TIMER1_Handler)
    i.UART0_Handler                          0x000003dc   Section        0  gw1ns4c_it.o(i.UART0_Handler)
    i.UART1_Handler                          0x000003de   Section        0  gw1ns4c_it.o(i.UART1_Handler)
    i.UART_GetRxBufferFull                   0x000003e0   Section        0  gw1ns4c_uart.o(i.UART_GetRxBufferFull)
    i.UART_Init                              0x000003ec   Section        0  gw1ns4c_uart.o(i.UART_Init)
    i.UART_ReceiveChar                       0x0000046c   Section        0  gw1ns4c_uart.o(i.UART_ReceiveChar)
    i.UART_SendChar                          0x00000480   Section        0  gw1ns4c_uart.o(i.UART_SendChar)
    i.USER_INT0_Handler                      0x00000490   Section        0  gw1ns4c_it.o(i.USER_INT0_Handler)
    i.USER_INT1_Handler                      0x00000492   Section        0  gw1ns4c_it.o(i.USER_INT1_Handler)
    i.USER_INT2_Handler                      0x00000494   Section        0  gw1ns4c_it.o(i.USER_INT2_Handler)
    i.USER_INT3_Handler                      0x00000496   Section        0  gw1ns4c_it.o(i.USER_INT3_Handler)
    i.USER_INT4_Handler                      0x00000498   Section        0  gw1ns4c_it.o(i.USER_INT4_Handler)
    i.USER_INT5_Handler                      0x0000049a   Section        0  gw1ns4c_it.o(i.USER_INT5_Handler)
    i.UsageFault_Handler                     0x0000049c   Section        0  gw1ns4c_it.o(i.UsageFault_Handler)
    i._sys_exit                              0x000004a0   Section        0  retarget.o(i._sys_exit)
    i.fputc                                  0x000004a4   Section        0  retarget.o(i.fputc)
    i.main                                   0x000004c8   Section        0  main.o(i.main)
    i.uart_init                              0x00000530   Section        0  uart.o(i.uart_init)
    .data                                    0x20000000   Section       16  system_gw1ns4c.o(.data)
    .data                                    0x20000010   Section       12  retarget.o(.data)
    .bss                                     0x2000001c   Section       96  libspace.o(.bss)
    HEAP                                     0x20000080   Section      512  startup_gw1ns4c.o(HEAP)
    Heap_Mem                                 0x20000080   Data         512  startup_gw1ns4c.o(HEAP)
    STACK                                    0x20000280   Section     1024  startup_gw1ns4c.o(STACK)
    Stack_Mem                                0x20000280   Data        1024  startup_gw1ns4c.o(STACK)
    __initial_sp                             0x20000680   Data           0  startup_gw1ns4c.o(STACK)

    Global Symbols

    Symbol Name                              Value     Ov Type        Size  Object(Section)

    BuildAttributes$$THM_ISAv4$P$D$K$B$S$PE$A:L22UL41UL21$X:L11$S22US41US21$IEEE1$IW$USESV6$~STKCKD$USESV7$~SHL$OSPACE$ROPI$EBA8$UX$STANDARDLIB$REQ8$PRES8$EABIv2 0x00000000   Number         0  anon$$obj.o ABSOLUTE
    __ARM_use_no_argv                        0x00000000   Number         0  main.o ABSOLUTE
    __Vectors                                0x00000000   Data           4  startup_gw1ns4c.o(RESET)
    __ARM_exceptions_init                     - Undefined Weak Reference
    __alloca_initialize                       - Undefined Weak Reference
    __arm_preinit_                            - Undefined Weak Reference
    __cpp_initialize__aeabi_                  - Undefined Weak Reference
    __cxa_finalize                            - Undefined Weak Reference
    __rt_locale                               - Undefined Weak Reference
    __sigvec_lookup                           - Undefined Weak Reference
    _atexit_init                              - Undefined Weak Reference
    _call_atexit_fns                          - Undefined Weak Reference
    _clock_init                               - Undefined Weak Reference
    _fp_trap_init                             - Undefined Weak Reference
    _fp_trap_shutdown                         - Undefined Weak Reference
    _get_lc_collate                           - Undefined Weak Reference
    _get_lc_ctype                             - Undefined Weak Reference
    _get_lc_monetary                          - Undefined Weak Reference
    _get_lc_numeric                           - Undefined Weak Reference
    _get_lc_time                              - Undefined Weak Reference
    _getenv_init                              - Undefined Weak Reference
    _handle_redirection                       - Undefined Weak Reference
    _init_alloc                               - Undefined Weak Reference
    _init_user_alloc                          - Undefined Weak Reference
    _initio                                   - Undefined Weak Reference
    _mutex_acquire                            - Undefined Weak Reference
    _mutex_release                            - Undefined Weak Reference
    _printf_mbtowc                            - Undefined Weak Reference
    _printf_post_padding                      - Undefined Weak Reference
    _printf_pre_padding                       - Undefined Weak Reference
    _rand_init                                - Undefined Weak Reference
    _signal_finish                            - Undefined Weak Reference
    _signal_init                              - Undefined Weak Reference
    _terminate_alloc                          - Undefined Weak Reference
    _terminate_user_alloc                     - Undefined Weak Reference
    _terminateio                              - Undefined Weak Reference
    __Vectors_End                            0x000000c0   Data           0  startup_gw1ns4c.o(RESET)
    __Vectors_Size                           0x000000c0   Number         0  startup_gw1ns4c.o ABSOLUTE
    __main                                   0x000000c1   Thumb Code     8  __main.o(!!!main)
    __scatterload                            0x000000c9   Thumb Code     0  __scatter.o(!!!scatter)
    __scatterload_rt2                        0x000000c9   Thumb Code    44  __scatter.o(!!!scatter)
    __scatterload_rt2_thumb_only             0x000000c9   Thumb Code     0  __scatter.o(!!!scatter)
    __scatterload_null                       0x000000d7   Thumb Code     0  __scatter.o(!!!scatter)
    __scatterload_copy                       0x000000fd   Thumb Code    26  __scatter_copy.o(!!handler_copy)
    __scatterload_zeroinit                   0x00000119   Thumb Code    28  __scatter_zi.o(!!handler_zi)
    _printf_c                                0x00000135   Thumb Code     0  _printf_c.o(.ARM.Collect$$_printf_percent$$00000013)
    _printf_percent                          0x00000135   Thumb Code     0  _printf_percent.o(.ARM.Collect$$_printf_percent$$00000000)
    _printf_percent_end                      0x0000013b   Thumb Code     0  _printf_percent_end.o(.ARM.Collect$$_printf_percent$$00000017)
    __rt_lib_init                            0x0000013f   Thumb Code     0  libinit.o(.ARM.Collect$$libinit$$00000000)
    __rt_lib_init_alloca_1                   0x00000141   Thumb Code     0  libinit2.o(.ARM.Collect$$libinit$$0000002E)
    __rt_lib_init_argv_1                     0x00000141   Thumb Code     0  libinit2.o(.ARM.Collect$$libinit$$0000002C)
    __rt_lib_init_atexit_1                   0x00000141   Thumb Code     0  libinit2.o(.ARM.Collect$$libinit$$0000001B)
    __rt_lib_init_clock_1                    0x00000141   Thumb Code     0  libinit2.o(.ARM.Collect$$libinit$$00000021)
    __rt_lib_init_cpp_1                      0x00000141   Thumb Code     0  libinit2.o(.ARM.Collect$$libinit$$00000032)
    __rt_lib_init_exceptions_1               0x00000141   Thumb Code     0  libinit2.o(.ARM.Collect$$libinit$$00000030)
    __rt_lib_init_fp_1                       0x00000141   Thumb Code     0  libinit2.o(.ARM.Collect$$libinit$$00000002)
    __rt_lib_init_fp_trap_1                  0x00000141   Thumb Code     0  libinit2.o(.ARM.Collect$$libinit$$0000001F)
    __rt_lib_init_getenv_1                   0x00000141   Thumb Code     0  libinit2.o(.ARM.Collect$$libinit$$00000023)
    __rt_lib_init_heap_1                     0x00000141   Thumb Code     0  libinit2.o(.ARM.Collect$$libinit$$0000000A)
    __rt_lib_init_lc_collate_1               0x00000141   Thumb Code     0  libinit2.o(.ARM.Collect$$libinit$$00000011)
    __rt_lib_init_lc_ctype_1                 0x00000141   Thumb Code     0  libinit2.o(.ARM.Collect$$libinit$$00000013)
    __rt_lib_init_lc_monetary_1              0x00000141   Thumb Code     0  libinit2.o(.ARM.Collect$$libinit$$00000015)
    __rt_lib_init_lc_numeric_1               0x00000141   Thumb Code     0  libinit2.o(.ARM.Collect$$libinit$$00000017)
    __rt_lib_init_lc_time_1                  0x00000141   Thumb Code     0  libinit2.o(.ARM.Collect$$libinit$$00000019)
    __rt_lib_init_preinit_1                  0x00000141   Thumb Code     0  libinit2.o(.ARM.Collect$$libinit$$00000004)
    __rt_lib_init_rand_1                     0x00000141   Thumb Code     0  libinit2.o(.ARM.Collect$$libinit$$0000000E)
    __rt_lib_init_return                     0x00000141   Thumb Code     0  libinit2.o(.ARM.Collect$$libinit$$00000033)
    __rt_lib_init_signal_1                   0x00000141   Thumb Code     0  libinit2.o(.ARM.Collect$$libinit$$0000001D)
    __rt_lib_init_stdio_1                    0x00000141   Thumb Code     0  libinit2.o(.ARM.Collect$$libinit$$00000025)
    __rt_lib_init_user_alloc_1               0x00000141   Thumb Code     0  libinit2.o(.ARM.Collect$$libinit$$0000000C)
    __rt_lib_shutdown                        0x00000143   Thumb Code     0  libshutdown.o(.ARM.Collect$$libshutdown$$00000000)
    __rt_lib_shutdown_cpp_1                  0x00000145   Thumb Code     0  libshutdown2.o(.ARM.Collect$$libshutdown$$00000002)
    __rt_lib_shutdown_fp_trap_1              0x00000145   Thumb Code     0  libshutdown2.o(.ARM.Collect$$libshutdown$$00000007)
    __rt_lib_shutdown_heap_1                 0x00000145   Thumb Code     0  libshutdown2.o(.ARM.Collect$$libshutdown$$0000000F)
    __rt_lib_shutdown_return                 0x00000145   Thumb Code     0  libshutdown2.o(.ARM.Collect$$libshutdown$$00000010)
    __rt_lib_shutdown_signal_1               0x00000145   Thumb Code     0  libshutdown2.o(.ARM.Collect$$libshutdown$$0000000A)
    __rt_lib_shutdown_stdio_1                0x00000145   Thumb Code     0  libshutdown2.o(.ARM.Collect$$libshutdown$$00000004)
    __rt_lib_shutdown_user_alloc_1           0x00000145   Thumb Code     0  libshutdown2.o(.ARM.Collect$$libshutdown$$0000000C)
    __rt_entry                               0x00000147   Thumb Code     0  __rtentry.o(.ARM.Collect$$rtentry$$00000000)
    __rt_entry_presh_1                       0x00000147   Thumb Code     0  __rtentry2.o(.ARM.Collect$$rtentry$$00000002)
    __rt_entry_sh                            0x00000147   Thumb Code     0  __rtentry4.o(.ARM.Collect$$rtentry$$00000004)
    __rt_entry_li                            0x0000014d   Thumb Code     0  __rtentry2.o(.ARM.Collect$$rtentry$$0000000A)
    __rt_entry_postsh_1                      0x0000014d   Thumb Code     0  __rtentry2.o(.ARM.Collect$$rtentry$$00000009)
    __rt_entry_main                          0x00000151   Thumb Code     0  __rtentry2.o(.ARM.Collect$$rtentry$$0000000D)
    __rt_entry_postli_1                      0x00000151   Thumb Code     0  __rtentry2.o(.ARM.Collect$$rtentry$$0000000C)
    __rt_exit                                0x00000159   Thumb Code     0  rtexit.o(.ARM.Collect$$rtexit$$00000000)
    __rt_exit_ls                             0x0000015b   Thumb Code     0  rtexit2.o(.ARM.Collect$$rtexit$$00000003)
    __rt_exit_prels_1                        0x0000015b   Thumb Code     0  rtexit2.o(.ARM.Collect$$rtexit$$00000002)
    __rt_exit_exit                           0x0000015f   Thumb Code     0  rtexit2.o(.ARM.Collect$$rtexit$$00000004)
    Reset_Handler                            0x00000165   Thumb Code     8  startup_gw1ns4c.o(.text)
    PORT0_COMB_Handler                       0x0000017f   Thumb Code     0  startup_gw1ns4c.o(.text)
    Spare10_Handler                          0x0000017f   Thumb Code     0  startup_gw1ns4c.o(.text)
    Spare13_Handler                          0x0000017f   Thumb Code     0  startup_gw1ns4c.o(.text)
    Spare15_Handler                          0x0000017f   Thumb Code     0  startup_gw1ns4c.o(.text)
    UARTOVF_Handler                          0x0000017f   Thumb Code     0  startup_gw1ns4c.o(.text)
    __user_initial_stackheap                 0x00000181   Thumb Code    10  startup_gw1ns4c.o(.text)
    __I$use$semihosting                      0x000001a5   Thumb Code     0  use_no_semi.o(.text)
    __use_no_semihosting_swi                 0x000001a5   Thumb Code     2  use_no_semi.o(.text)
    __2printf                                0x000001a9   Thumb Code    20  noretval__2printf.o(.text)
    __printf                                 0x000001c1   Thumb Code   104  __printf.o(.text)
    _printf_str                              0x00000229   Thumb Code    82  _printf_str.o(.text)
    __use_two_region_memory                  0x0000027b   Thumb Code     2  heapauxi.o(.text)
    __rt_heap_escrow$2region                 0x0000027d   Thumb Code     2  heapauxi.o(.text)
    __rt_heap_expand$2region                 0x0000027f   Thumb Code     2  heapauxi.o(.text)
    _printf_cs_common                        0x00000281   Thumb Code    20  _printf_char.o(.text)
    _printf_char                             0x00000295   Thumb Code    16  _printf_char.o(.text)
    _printf_string                           0x000002a5   Thumb Code     8  _printf_char.o(.text)
    _printf_char_file                        0x000002ad   Thumb Code    32  _printf_char_file.o(.text)
    _printf_char_common                      0x000002db   Thumb Code    32  _printf_char_common.o(.text)
    ferror                                   0x00000301   Thumb Code     8  ferror.o(.text)
    __user_setup_stackheap                   0x00000309   Thumb Code    74  sys_stackheap_outer.o(.text)
    exit                                     0x00000353   Thumb Code    18  exit.o(.text)
    __user_libspace                          0x00000365   Thumb Code     8  libspace.o(.text)
    __user_perproc_libspace                  0x00000365   Thumb Code     0  libspace.o(.text)
    __user_perthread_libspace                0x00000365   Thumb Code     0  libspace.o(.text)
    BusFault_Handler                         0x0000036d   Thumb Code     4  gw1ns4c_it.o(i.BusFault_Handler)
    DebugMon_Handler                         0x00000371   Thumb Code     2  gw1ns4c_it.o(i.DebugMon_Handler)
    HardFault_Handler                        0x00000373   Thumb Code     4  gw1ns4c_it.o(i.HardFault_Handler)
    MemManage_Handler                        0x00000377   Thumb Code     4  gw1ns4c_it.o(i.MemManage_Handler)
    NMI_Handler                              0x0000037b   Thumb Code     2  gw1ns4c_it.o(i.NMI_Handler)
    PORT0_0_Handler                          0x0000037d   Thumb Code     2  gw1ns4c_it.o(i.PORT0_0_Handler)
    PORT0_10_Handler                         0x0000037f   Thumb Code     2  gw1ns4c_it.o(i.PORT0_10_Handler)
    PORT0_11_Handler                         0x00000381   Thumb Code     2  gw1ns4c_it.o(i.PORT0_11_Handler)
    PORT0_12_Handler                         0x00000383   Thumb Code     2  gw1ns4c_it.o(i.PORT0_12_Handler)
    PORT0_13_Handler                         0x00000385   Thumb Code     2  gw1ns4c_it.o(i.PORT0_13_Handler)
    PORT0_14_Handler                         0x00000387   Thumb Code     2  gw1ns4c_it.o(i.PORT0_14_Handler)
    PORT0_15_Handler                         0x00000389   Thumb Code     2  gw1ns4c_it.o(i.PORT0_15_Handler)
    PORT0_1_Handler                          0x0000038b   Thumb Code     2  gw1ns4c_it.o(i.PORT0_1_Handler)
    PORT0_2_Handler                          0x0000038d   Thumb Code     2  gw1ns4c_it.o(i.PORT0_2_Handler)
    PORT0_3_Handler                          0x0000038f   Thumb Code     2  gw1ns4c_it.o(i.PORT0_3_Handler)
    PORT0_4_Handler                          0x00000391   Thumb Code     2  gw1ns4c_it.o(i.PORT0_4_Handler)
    PORT0_5_Handler                          0x00000393   Thumb Code     2  gw1ns4c_it.o(i.PORT0_5_Handler)
    PORT0_6_Handler                          0x00000395   Thumb Code     2  gw1ns4c_it.o(i.PORT0_6_Handler)
    PORT0_7_Handler                          0x00000397   Thumb Code     2  gw1ns4c_it.o(i.PORT0_7_Handler)
    PORT0_8_Handler                          0x00000399   Thumb Code     2  gw1ns4c_it.o(i.PORT0_8_Handler)
    PORT0_9_Handler                          0x0000039b   Thumb Code     2  gw1ns4c_it.o(i.PORT0_9_Handler)
    PendSV_Handler                           0x0000039d   Thumb Code     2  gw1ns4c_it.o(i.PendSV_Handler)
    RTC_Handler                              0x0000039f   Thumb Code     2  gw1ns4c_it.o(i.RTC_Handler)
    SVC_Handler                              0x000003a1   Thumb Code     2  gw1ns4c_it.o(i.SVC_Handler)
    SysTick_Handler                          0x000003a3   Thumb Code     2  gw1ns4c_it.o(i.SysTick_Handler)
    SystemInit                               0x000003a5   Thumb Code    32  system_gw1ns4c.o(i.SystemInit)
    TIMER0_Handler                           0x000003d9   Thumb Code     2  gw1ns4c_it.o(i.TIMER0_Handler)
    TIMER1_Handler                           0x000003db   Thumb Code     2  gw1ns4c_it.o(i.TIMER1_Handler)
    UART0_Handler                            0x000003dd   Thumb Code     2  gw1ns4c_it.o(i.UART0_Handler)
    UART1_Handler                            0x000003df   Thumb Code     2  gw1ns4c_it.o(i.UART1_Handler)
    UART_GetRxBufferFull                     0x000003e1   Thumb Code    10  gw1ns4c_uart.o(i.UART_GetRxBufferFull)
    UART_Init                                0x000003ed   Thumb Code   122  gw1ns4c_uart.o(i.UART_Init)
    UART_ReceiveChar                         0x0000046d   Thumb Code    20  gw1ns4c_uart.o(i.UART_ReceiveChar)
    UART_SendChar                            0x00000481   Thumb Code    16  gw1ns4c_uart.o(i.UART_SendChar)
    USER_INT0_Handler                        0x00000491   Thumb Code     2  gw1ns4c_it.o(i.USER_INT0_Handler)
    USER_INT1_Handler                        0x00000493   Thumb Code     2  gw1ns4c_it.o(i.USER_INT1_Handler)
    USER_INT2_Handler                        0x00000495   Thumb Code     2  gw1ns4c_it.o(i.USER_INT2_Handler)
    USER_INT3_Handler                        0x00000497   Thumb Code     2  gw1ns4c_it.o(i.USER_INT3_Handler)
    USER_INT4_Handler                        0x00000499   Thumb Code     2  gw1ns4c_it.o(i.USER_INT4_Handler)
    USER_INT5_Handler                        0x0000049b   Thumb Code     2  gw1ns4c_it.o(i.USER_INT5_Handler)
    UsageFault_Handler                       0x0000049d   Thumb Code     4  gw1ns4c_it.o(i.UsageFault_Handler)
    _sys_exit                                0x000004a1   Thumb Code     4  retarget.o(i._sys_exit)
    fputc                                    0x000004a5   Thumb Code    36  retarget.o(i.fputc)
    main                                     0x000004c9   Thumb Code    72  main.o(i.main)
    uart_init                                0x00000531   Thumb Code    84  uart.o(i.uart_init)
    Region$$Table$$Base                      0x00000584   Number         0  anon$$obj.o(Region$$Table)
    Region$$Table$$Limit                     0x000005a4   Number         0  anon$$obj.o(Region$$Table)
    SystemCoreClock                          0x20000000   Data           4  system_gw1ns4c.o(.data)
    PCLK1                                    0x20000004   Data           4  system_gw1ns4c.o(.data)
    PCLK2                                    0x20000008   Data           4  system_gw1ns4c.o(.data)
    HCLK                                     0x2000000c   Data           4  system_gw1ns4c.o(.data)
    __stdout                                 0x20000010   Data           4  retarget.o(.data)
    __stdin                                  0x20000014   Data           4  retarget.o(.data)
    __stderr                                 0x20000018   Data           4  retarget.o(.data)
    __libspace_start                         0x2000001c   Data          96  libspace.o(.bss)
    __temporary_stack_top$libspace           0x2000007c   Data           0  libspace.o(.bss)



==============================================================================

Memory Map of the image

  Image Entry point : 0x000000c1

  Load Region LR_IROM1 (Base: 0x00000000, Size: 0x000005c0, Max: 0x00008000, ABSOLUTE)

    Execution Region ER_IROM1 (Exec base: 0x00000000, Load base: 0x00000000, Size: 0x000005a4, Max: 0x00008000, ABSOLUTE)

    Exec Addr    Load Addr    Size         Type   Attr      Idx    E Section Name        Object

    0x00000000   0x00000000   0x000000c0   Data   RO          460    RESET               startup_gw1ns4c.o
    0x000000c0   0x000000c0   0x00000008   Code   RO          556  * !!!main             c_w.l(__main.o)
    0x000000c8   0x000000c8   0x00000034   Code   RO          720    !!!scatter          c_w.l(__scatter.o)
    0x000000fc   0x000000fc   0x0000001a   Code   RO          722    !!handler_copy      c_w.l(__scatter_copy.o)
    0x00000116   0x00000116   0x00000002   PAD
    0x00000118   0x00000118   0x0000001c   Code   RO          724    !!handler_zi        c_w.l(__scatter_zi.o)
    0x00000134   0x00000134   0x00000000   Code   RO          553    .ARM.Collect$$_printf_percent$$00000000  c_w.l(_printf_percent.o)
    0x00000134   0x00000134   0x00000006   Code   RO          552    .ARM.Collect$$_printf_percent$$00000013  c_w.l(_printf_c.o)
    0x0000013a   0x0000013a   0x00000004   Code   RO          563    .ARM.Collect$$_printf_percent$$00000017  c_w.l(_printf_percent_end.o)
    0x0000013e   0x0000013e   0x00000002   Code   RO          596    .ARM.Collect$$libinit$$00000000  c_w.l(libinit.o)
    0x00000140   0x00000140   0x00000000   Code   RO          603    .ARM.Collect$$libinit$$00000002  c_w.l(libinit2.o)
    0x00000140   0x00000140   0x00000000   Code   RO          605    .ARM.Collect$$libinit$$00000004  c_w.l(libinit2.o)
    0x00000140   0x00000140   0x00000000   Code   RO          608    .ARM.Collect$$libinit$$0000000A  c_w.l(libinit2.o)
    0x00000140   0x00000140   0x00000000   Code   RO          610    .ARM.Collect$$libinit$$0000000C  c_w.l(libinit2.o)
    0x00000140   0x00000140   0x00000000   Code   RO          612    .ARM.Collect$$libinit$$0000000E  c_w.l(libinit2.o)
    0x00000140   0x00000140   0x00000000   Code   RO          615    .ARM.Collect$$libinit$$00000011  c_w.l(libinit2.o)
    0x00000140   0x00000140   0x00000000   Code   RO          617    .ARM.Collect$$libinit$$00000013  c_w.l(libinit2.o)
    0x00000140   0x00000140   0x00000000   Code   RO          619    .ARM.Collect$$libinit$$00000015  c_w.l(libinit2.o)
    0x00000140   0x00000140   0x00000000   Code   RO          621    .ARM.Collect$$libinit$$00000017  c_w.l(libinit2.o)
    0x00000140   0x00000140   0x00000000   Code   RO          623    .ARM.Collect$$libinit$$00000019  c_w.l(libinit2.o)
    0x00000140   0x00000140   0x00000000   Code   RO          625    .ARM.Collect$$libinit$$0000001B  c_w.l(libinit2.o)
    0x00000140   0x00000140   0x00000000   Code   RO          627    .ARM.Collect$$libinit$$0000001D  c_w.l(libinit2.o)
    0x00000140   0x00000140   0x00000000   Code   RO          629    .ARM.Collect$$libinit$$0000001F  c_w.l(libinit2.o)
    0x00000140   0x00000140   0x00000000   Code   RO          631    .ARM.Collect$$libinit$$00000021  c_w.l(libinit2.o)
    0x00000140   0x00000140   0x00000000   Code   RO          633    .ARM.Collect$$libinit$$00000023  c_w.l(libinit2.o)
    0x00000140   0x00000140   0x00000000   Code   RO          635    .ARM.Collect$$libinit$$00000025  c_w.l(libinit2.o)
    0x00000140   0x00000140   0x00000000   Code   RO          639    .ARM.Collect$$libinit$$0000002C  c_w.l(libinit2.o)
    0x00000140   0x00000140   0x00000000   Code   RO          641    .ARM.Collect$$libinit$$0000002E  c_w.l(libinit2.o)
    0x00000140   0x00000140   0x00000000   Code   RO          643    .ARM.Collect$$libinit$$00000030  c_w.l(libinit2.o)
    0x00000140   0x00000140   0x00000000   Code   RO          645    .ARM.Collect$$libinit$$00000032  c_w.l(libinit2.o)
    0x00000140   0x00000140   0x00000002   Code   RO          646    .ARM.Collect$$libinit$$00000033  c_w.l(libinit2.o)
    0x00000142   0x00000142   0x00000002   Code   RO          664    .ARM.Collect$$libshutdown$$00000000  c_w.l(libshutdown.o)
    0x00000144   0x00000144   0x00000000   Code   RO          674    .ARM.Collect$$libshutdown$$00000002  c_w.l(libshutdown2.o)
    0x00000144   0x00000144   0x00000000   Code   RO          676    .ARM.Collect$$libshutdown$$00000004  c_w.l(libshutdown2.o)
    0x00000144   0x00000144   0x00000000   Code   RO          679    .ARM.Collect$$libshutdown$$00000007  c_w.l(libshutdown2.o)
    0x00000144   0x00000144   0x00000000   Code   RO          682    .ARM.Collect$$libshutdown$$0000000A  c_w.l(libshutdown2.o)
    0x00000144   0x00000144   0x00000000   Code   RO          684    .ARM.Collect$$libshutdown$$0000000C  c_w.l(libshutdown2.o)
    0x00000144   0x00000144   0x00000000   Code   RO          687    .ARM.Collect$$libshutdown$$0000000F  c_w.l(libshutdown2.o)
    0x00000144   0x00000144   0x00000002   Code   RO          688    .ARM.Collect$$libshutdown$$00000010  c_w.l(libshutdown2.o)
    0x00000146   0x00000146   0x00000000   Code   RO          558    .ARM.Collect$$rtentry$$00000000  c_w.l(__rtentry.o)
    0x00000146   0x00000146   0x00000000   Code   RO          565    .ARM.Collect$$rtentry$$00000002  c_w.l(__rtentry2.o)
    0x00000146   0x00000146   0x00000006   Code   RO          577    .ARM.Collect$$rtentry$$00000004  c_w.l(__rtentry4.o)
    0x0000014c   0x0000014c   0x00000000   Code   RO          567    .ARM.Collect$$rtentry$$00000009  c_w.l(__rtentry2.o)
    0x0000014c   0x0000014c   0x00000004   Code   RO          568    .ARM.Collect$$rtentry$$0000000A  c_w.l(__rtentry2.o)
    0x00000150   0x00000150   0x00000000   Code   RO          570    .ARM.Collect$$rtentry$$0000000C  c_w.l(__rtentry2.o)
    0x00000150   0x00000150   0x00000008   Code   RO          571    .ARM.Collect$$rtentry$$0000000D  c_w.l(__rtentry2.o)
    0x00000158   0x00000158   0x00000002   Code   RO          600    .ARM.Collect$$rtexit$$00000000  c_w.l(rtexit.o)
    0x0000015a   0x0000015a   0x00000000   Code   RO          648    .ARM.Collect$$rtexit$$00000002  c_w.l(rtexit2.o)
    0x0000015a   0x0000015a   0x00000004   Code   RO          649    .ARM.Collect$$rtexit$$00000003  c_w.l(rtexit2.o)
    0x0000015e   0x0000015e   0x00000006   Code   RO          650    .ARM.Collect$$rtexit$$00000004  c_w.l(rtexit2.o)
    0x00000164   0x00000164   0x00000040   Code   RO          461    .text               startup_gw1ns4c.o
    0x000001a4   0x000001a4   0x00000002   Code   RO          522    .text               c_w.l(use_no_semi.o)
    0x000001a6   0x000001a6   0x00000002   PAD
    0x000001a8   0x000001a8   0x00000018   Code   RO          526    .text               c_w.l(noretval__2printf.o)
    0x000001c0   0x000001c0   0x00000068   Code   RO          528    .text               c_w.l(__printf.o)
    0x00000228   0x00000228   0x00000052   Code   RO          530    .text               c_w.l(_printf_str.o)
    0x0000027a   0x0000027a   0x00000006   Code   RO          554    .text               c_w.l(heapauxi.o)
    0x00000280   0x00000280   0x0000002c   Code   RO          559    .text               c_w.l(_printf_char.o)
    0x000002ac   0x000002ac   0x00000024   Code   RO          561    .text               c_w.l(_printf_char_file.o)
    0x000002d0   0x000002d0   0x00000030   Code   RO          579    .text               c_w.l(_printf_char_common.o)
    0x00000300   0x00000300   0x00000008   Code   RO          581    .text               c_w.l(ferror.o)
    0x00000308   0x00000308   0x0000004a   Code   RO          585    .text               c_w.l(sys_stackheap_outer.o)
    0x00000352   0x00000352   0x00000012   Code   RO          589    .text               c_w.l(exit.o)
    0x00000364   0x00000364   0x00000008   Code   RO          597    .text               c_w.l(libspace.o)
    0x0000036c   0x0000036c   0x00000004   Code   RO            1    i.BusFault_Handler  gw1ns4c_it.o
    0x00000370   0x00000370   0x00000002   Code   RO            2    i.DebugMon_Handler  gw1ns4c_it.o
    0x00000372   0x00000372   0x00000004   Code   RO            3    i.HardFault_Handler  gw1ns4c_it.o
    0x00000376   0x00000376   0x00000004   Code   RO            4    i.MemManage_Handler  gw1ns4c_it.o
    0x0000037a   0x0000037a   0x00000002   Code   RO            5    i.NMI_Handler       gw1ns4c_it.o
    0x0000037c   0x0000037c   0x00000002   Code   RO            6    i.PORT0_0_Handler   gw1ns4c_it.o
    0x0000037e   0x0000037e   0x00000002   Code   RO            7    i.PORT0_10_Handler  gw1ns4c_it.o
    0x00000380   0x00000380   0x00000002   Code   RO            8    i.PORT0_11_Handler  gw1ns4c_it.o
    0x00000382   0x00000382   0x00000002   Code   RO            9    i.PORT0_12_Handler  gw1ns4c_it.o
    0x00000384   0x00000384   0x00000002   Code   RO           10    i.PORT0_13_Handler  gw1ns4c_it.o
    0x00000386   0x00000386   0x00000002   Code   RO           11    i.PORT0_14_Handler  gw1ns4c_it.o
    0x00000388   0x00000388   0x00000002   Code   RO           12    i.PORT0_15_Handler  gw1ns4c_it.o
    0x0000038a   0x0000038a   0x00000002   Code   RO           13    i.PORT0_1_Handler   gw1ns4c_it.o
    0x0000038c   0x0000038c   0x00000002   Code   RO           14    i.PORT0_2_Handler   gw1ns4c_it.o
    0x0000038e   0x0000038e   0x00000002   Code   RO           15    i.PORT0_3_Handler   gw1ns4c_it.o
    0x00000390   0x00000390   0x00000002   Code   RO           16    i.PORT0_4_Handler   gw1ns4c_it.o
    0x00000392   0x00000392   0x00000002   Code   RO           17    i.PORT0_5_Handler   gw1ns4c_it.o
    0x00000394   0x00000394   0x00000002   Code   RO           18    i.PORT0_6_Handler   gw1ns4c_it.o
    0x00000396   0x00000396   0x00000002   Code   RO           19    i.PORT0_7_Handler   gw1ns4c_it.o
    0x00000398   0x00000398   0x00000002   Code   RO           20    i.PORT0_8_Handler   gw1ns4c_it.o
    0x0000039a   0x0000039a   0x00000002   Code   RO           21    i.PORT0_9_Handler   gw1ns4c_it.o
    0x0000039c   0x0000039c   0x00000002   Code   RO           22    i.PendSV_Handler    gw1ns4c_it.o
    0x0000039e   0x0000039e   0x00000002   Code   RO           23    i.RTC_Handler       gw1ns4c_it.o
    0x000003a0   0x000003a0   0x00000002   Code   RO           24    i.SVC_Handler       gw1ns4c_it.o
    0x000003a2   0x000003a2   0x00000002   Code   RO           25    i.SysTick_Handler   gw1ns4c_it.o
    0x000003a4   0x000003a4   0x00000034   Code   RO          435    i.SystemInit        system_gw1ns4c.o
    0x000003d8   0x000003d8   0x00000002   Code   RO           26    i.TIMER0_Handler    gw1ns4c_it.o
    0x000003da   0x000003da   0x00000002   Code   RO           27    i.TIMER1_Handler    gw1ns4c_it.o
    0x000003dc   0x000003dc   0x00000002   Code   RO           28    i.UART0_Handler     gw1ns4c_it.o
    0x000003de   0x000003de   0x00000002   Code   RO           29    i.UART1_Handler     gw1ns4c_it.o
    0x000003e0   0x000003e0   0x0000000a   Code   RO          299    i.UART_GetRxBufferFull  gw1ns4c_uart.o
    0x000003ea   0x000003ea   0x00000002   PAD
    0x000003ec   0x000003ec   0x00000080   Code   RO          307    i.UART_Init         gw1ns4c_uart.o
    0x0000046c   0x0000046c   0x00000014   Code   RO          308    i.UART_ReceiveChar  gw1ns4c_uart.o
    0x00000480   0x00000480   0x00000010   Code   RO          309    i.UART_SendChar     gw1ns4c_uart.o
    0x00000490   0x00000490   0x00000002   Code   RO           30    i.USER_INT0_Handler  gw1ns4c_it.o
    0x00000492   0x00000492   0x00000002   Code   RO           31    i.USER_INT1_Handler  gw1ns4c_it.o
    0x00000494   0x00000494   0x00000002   Code   RO           32    i.USER_INT2_Handler  gw1ns4c_it.o
    0x00000496   0x00000496   0x00000002   Code   RO           33    i.USER_INT3_Handler  gw1ns4c_it.o
    0x00000498   0x00000498   0x00000002   Code   RO           34    i.USER_INT4_Handler  gw1ns4c_it.o
    0x0000049a   0x0000049a   0x00000002   Code   RO           35    i.USER_INT5_Handler  gw1ns4c_it.o
    0x0000049c   0x0000049c   0x00000004   Code   RO           36    i.UsageFault_Handler  gw1ns4c_it.o
    0x000004a0   0x000004a0   0x00000004   Code   RO          478    i._sys_exit         retarget.o
    0x000004a4   0x000004a4   0x00000024   Code   RO          481    i.fputc             retarget.o
    0x000004c8   0x000004c8   0x00000068   Code   RO          272    i.main              main.o
    0x00000530   0x00000530   0x00000054   Code   RO          465    i.uart_init         uart.o
    0x00000584   0x00000584   0x00000020   Data   RO          718    Region$$Table       anon$$obj.o


    Execution Region RW_IRAM1 (Exec base: 0x20000000, Load base: 0x000005a4, Size: 0x00000680, Max: 0x00004000, ABSOLUTE)

    Exec Addr    Load Addr    Size         Type   Attr      Idx    E Section Name        Object

    0x20000000   0x000005a4   0x00000010   Data   RW          436    .data               system_gw1ns4c.o
    0x20000010   0x000005b4   0x0000000c   Data   RW          482    .data               retarget.o
    0x2000001c        -       0x00000060   Zero   RW          598    .bss                c_w.l(libspace.o)
    0x2000007c   0x000005c0   0x00000004   PAD
    0x20000080        -       0x00000200   Zero   RW          459    HEAP                startup_gw1ns4c.o
    0x20000280        -       0x00000400   Zero   RW          458    STACK               startup_gw1ns4c.o


==============================================================================

Image component sizes


      Code (inc. data)   RO Data    RW Data    ZI Data      Debug   Object Name

         0          0          0          0          0         32   core_cm3.o
        80          0          0          0          0      28216   gw1ns4c_it.o
       174          6          0          0          0       2614   gw1ns4c_uart.o
       104         32          0          0          0        491   main.o
        40          0          0         12          0       2770   retarget.o
        64         26        192          0       1536        844   startup_gw1ns4c.o
        52         20          0         16          0        772   system_gw1ns4c.o
        84          0          0          0          0       1100   uart.o

    ----------------------------------------------------------------------
       600         84        224         28       1536      36839   Object Totals
         0          0         32          0          0          0   (incl. Generated)
         2          0          0          0          0          0   (incl. Padding)

    ----------------------------------------------------------------------

      Code (inc. data)   RO Data    RW Data    ZI Data      Debug   Library Member Name

         8          0          0          0          0         68   __main.o
       104          0          0          0          0         84   __printf.o
         0          0          0          0          0          0   __rtentry.o
        12          0          0          0          0          0   __rtentry2.o
         6          0          0          0          0          0   __rtentry4.o
        52          8          0          0          0          0   __scatter.o
        26          0          0          0          0          0   __scatter_copy.o
        28          0          0          0          0          0   __scatter_zi.o
         6          0          0          0          0          0   _printf_c.o
        44          0          0          0          0        108   _printf_char.o
        48          6          0          0          0         96   _printf_char_common.o
        36          4          0          0          0         80   _printf_char_file.o
         0          0          0          0          0          0   _printf_percent.o
         4          0          0          0          0          0   _printf_percent_end.o
        82          0          0          0          0         80   _printf_str.o
        18          0          0          0          0         80   exit.o
         8          0          0          0          0         68   ferror.o
         6          0          0          0          0        152   heapauxi.o
         2          0          0          0          0          0   libinit.o
         2          0          0          0          0          0   libinit2.o
         2          0          0          0          0          0   libshutdown.o
         2          0          0          0          0          0   libshutdown2.o
         8          4          0          0         96         68   libspace.o
        24          4          0          0          0         84   noretval__2printf.o
         2          0          0          0          0          0   rtexit.o
        10          0          0          0          0          0   rtexit2.o
        74          0          0          0          0         80   sys_stackheap_outer.o
         2          0          0          0          0         68   use_no_semi.o

    ----------------------------------------------------------------------
       620         26          0          0        100       1116   Library Totals
         4          0          0          0          4          0   (incl. Padding)

    ----------------------------------------------------------------------

      Code (inc. data)   RO Data    RW Data    ZI Data      Debug   Library Name

       616         26          0          0         96       1116   c_w.l

    ----------------------------------------------------------------------
       620         26          0          0        100       1116   Library Totals

    ----------------------------------------------------------------------

==============================================================================


      Code (inc. data)   RO Data    RW Data    ZI Data      Debug   

      1220        110        224         28       1636      35403   Grand Totals
      1220        110        224         28       1636      35403   ELF Image Totals
      1220        110        224         28          0          0   ROM Totals

==============================================================================

    Total RO  Size (Code + RO Data)                 1444 (   1.41kB)
    Total RW  Size (RW Data + ZI Data)              1664 (   1.63kB)
    Total ROM Size (Code + RO Data + RW Data)       1472 (   1.44kB)

==============================================================================

